Microchip MPLAB XC8 Compiler V2.46

Linker command line:

-W-3 \
  --edf=C:\Program Files\Microchip\xc8\v2.46\pic\dat\20240104201356_en.msgs \
  -cn -h+dist/default/debug\Encoder.X.debug.sym \
  --cmf=dist/default/debug\Encoder.X.debug.cmf -z -Q18F4550 \
  -oC:\Users\Farmacia\AppData\Local\Temp\xcAsboc.\driver_tmp_3.o \
  --defsym=__MPLAB_BUILD=1 --fixupoverflow=error \
  -Mdist/default/debug/Encoder.X.debug.map \
  --md=C:\Users\Farmacia\AppData\Local\Temp\xcAsboc.\driver_tmp_0.dat -E1 \
  -ver=XC8 Compiler --acfsm=1493 -ACODE=00h-07FFFh -ACONST=00h-07FFFh \
  -ASMALLCONST=0800h-08FFhx120 -AMEDIUMCONST=0800h-07FFFh -ACOMRAM=01h-05Fh \
  -AABS1=00h-07FFh -ABIGRAM=01h-07FFh -ARAM=060h-0FFh,0100h-01FFhx7 \
  -ABANK0=060h-0FFh -ABANK1=0100h-01FFh -ABANK2=0200h-02FFh \
  -ABANK3=0300h-03FFh -ABANK4=0400h-04FFh -ABANK5=0500h-05FFh \
  -ABANK6=0600h-06FFh -ABANK7=0700h-07FFh -ASFR=0F60h-0FFFh \
  -ABIGSFR=0F60h-0FFFh -ACONFIG=0300000h-030000Dh -AIDLOC=0200000h-0200007h \
  -AEEDATA=0F00000h-0F000FFh -peeprom_data=EEDATA \
  -preset_vec=00h,intcode=8h,intcodelo,powerup,init -pramtop=0800h \
  -psmallconst=SMALLCONST -pmediumconst=MEDIUMCONST -pconst=CONST \
  -AFARRAM=00h-00h \
  -prdata=COMRAM,nvrram=COMRAM,nvbit=COMRAM,rbss=COMRAM,rbit=COMRAM \
  -pfarbss=FARRAM,fardata=FARRAM,nvFARRAM=FARRAM \
  -pintsave_regs=BIGRAM,bigbss=BIGRAM,bigdata=BIGRAM -pbss=RAM \
  -pidata=CODE,irdata=CODE,ibigdata=CODE,ifardata=CODE -prparam=COMRAM \
  C:\Users\Farmacia\AppData\Local\Temp\xcAsboc.\driver_tmp_9.o \
  dist/default/debug\Encoder.X.debug.o 

Object code version is 3.11

Machine type is 18F4550



                Name                               Link     Load   Length Selector   Space Scale
C:\Users\Farmacia\AppData\Local\Temp\xcAsboc.\driver_tmp_9.o
                init                                  E        E        4        4       0
                reset_vec                             0        0        4        0       0
dist/default/debug\Encoder.X.debug.o
                intcode                               8        8        6        4       0
                temp                                  E        E        1        1       1
                smallconst                          800      800        2      400       0
                intcode_body                        802      802       D2      401       0
                text1                               948      948       12      401       0
                text0                               8D4      8D4       5E      401       0
                cstackCOMRAM                          9        9        5        1       1
                bssCOMRAM                             1        1        8        1       1
                cinit                               932      932       16      401       0

TOTAL           Name                               Link     Load   Length     Space
        CLASS   CODE           
                intcode                               8        8        6         0
                init                                  E        E        4         0
                reset_vec                             0        0        4         0
                intcode_body                        802      802       D2         0
                text1                               948      948       12         0
                text0                               8D4      8D4       5E         0
                cinit                               932      932       16         0

        CLASS   CONST          

        CLASS   SMALLCONST     
                smallconst                          800      800        2         0

        CLASS   MEDIUMCONST    

        CLASS   COMRAM         
                temp                                  E        E        1         1
                cstackCOMRAM                          9        9        5         1
                bssCOMRAM                             1        1        8         1

        CLASS   ABS1           

        CLASS   BIGRAM         

        CLASS   RAM            

        CLASS   BANK0          

        CLASS   BANK1          

        CLASS   BANK2          

        CLASS   BANK3          

        CLASS   BANK4          

        CLASS   BANK5          

        CLASS   BANK6          

        CLASS   BANK7          

        CLASS   SFR            

        CLASS   BIGSFR         

        CLASS   CONFIG         

        CLASS   IDLOC          

        CLASS   EEDATA         

        CLASS   FARRAM         

        CLASS   HEAP           

        CLASS   STACK          



SEGMENTS        Name                           Load    Length   Top    Selector   Space  Class

                reset_vec                      000000  000004  000004         0       0  CODE    
                bssCOMRAM                      000001  00000E  00000F         1       1  COMRAM  
                intcode                        000008  00000A  000012         4       0  CODE    
                smallconst                     000800  000002  000802       400       0  SMALLCON
                intcode_body                   000802  000158  00095A       401       0  CODE    


UNUSED ADDRESS RANGES

        Name                Unused          Largest block    Delta
        BANK0            060-0FF            A0
        BANK1            100-1FF           100
        BANK2            200-2FF           100
        BANK3            300-3FF           100
        BANK4            400-4FF           100
        BANK5            500-5FF           100
        BANK6            600-6FF           100
        BANK7            700-7FF           100
        BIGRAM           00F-7FF           7F1
        BIGSFR           F60-FFF            A0
        CODE             004-007             4
                         012-7FF           7EE
                         95A-7FFF          76A6
        COMRAM           00F-05F            51
        CONFIG           300000-30000D             E
        CONST            004-007             4
                         012-7FF           7EE
                         95A-7FFF          76A6
        EEDATA           F00000-F000FF           100
        IDLOC            200000-200007             8
        MEDIUMCONST      95A-7FFF          76A6
        RAM              060-7FF           100
        SFR              F60-FFF            A0
        SMALLCONST       95A-7FFF           100

                                  Symbol Table

ISR@currentEncoderA      cstackCOMRAM 00A
ISR@currentEncoderB      cstackCOMRAM 00C
_EncoderA_prev           bssCOMRAM    007
_EncoderB_prev           bssCOMRAM    005
_INTCON2bits             (abs)        FF1
_INTCONbits              (abs)        FF2
_ISR                     intcode      008
_LATAbits                (abs)        F89
_PORTBbits               (abs)        F81
_PulsosA                 bssCOMRAM    003
_PulsosB                 bssCOMRAM    001
_TRISAbits               (abs)        F92
_TRISBbits               (abs)        F93
__HRAM                   (abs)        000
__H__absolute__          __absolute__ 000
__Habs1                  abs1         000
__Hbank0                 bank0        000
__Hbank1                 bank1        000
__Hbank2                 bank2        000
__Hbank3                 bank3        000
__Hbank4                 bank4        000
__Hbank5                 bank5        000
__Hbank6                 bank6        000
__Hbank7                 bank7        000
__Hbigbss                bigbss       000
__Hbigdata               bigdata      000
__Hbigram                bigram       000
__Hbigsfr                bigsfr       000
__Hbss                   bss          000
__HbssCOMRAM             bssCOMRAM    000
__Hcinit                 cinit        000
__Hclrtext               clrtext      000
__Hcomram                comram       000
__Hconfig                config       000
__Hconst                 const        000
__HcstackCOMRAM          cstackCOMRAM 000
__Hdata                  data         000
__Heeprom_data           eeprom_data  000
__Hfarbss                farbss       000
__Hfardata               fardata      000
__Hheap                  heap         000
__Hibigdata              ibigdata     000
__Hidata                 idata        000
__Hidloc                 idloc        000
__Hifardata              ifardata     000
__Hinit                  init         012
__Hintcode               intcode      00E
__Hintcode_body          intcode_body 000
__Hintcodelo             intcodelo    00E
__Hintentry              intentry     000
__Hintret                intret       000
__Hintsave_regs          intsave_regs 000
__Hirdata                irdata       000
__Hmediumconst           mediumconst  000
__HnvFARRAM              nvFARRAM     000
__Hnvbit                 nvbit        000
__Hnvrram                nvrram       000
__Hparam                 rparam       000
__Hpowerup               powerup      00E
__Hram                   ram          000
__Hramtop                ramtop       800
__Hrbit                  rbit         000
__Hrbss                  rbss         000
__Hrdata                 rdata        000
__Hreset_vec             reset_vec    004
__Hrparam                rparam       000
__Hsfr                   sfr          000
__Hsivt_hi               sivt_hi      000
__Hsivt_lo               sivt_lo      000
__Hsmallconst            smallconst   802
__Hspace_0               (abs)        95A
__Hspace_1               (abs)        00F
__Hspace_2               (abs)        000
__Hspace_4               (abs)        000
__Hstack                 stack        000
__Hstruct                struct       000
__Htemp                  temp         00F
__Htext                  text         000
__Htext0                 text0        000
__Htext1                 text1        000
__LRAM                   (abs)        001
__L__absolute__          __absolute__ 000
__Labs1                  abs1         000
__Lbank0                 bank0        000
__Lbank1                 bank1        000
__Lbank2                 bank2        000
__Lbank3                 bank3        000
__Lbank4                 bank4        000
__Lbank5                 bank5        000
__Lbank6                 bank6        000
__Lbank7                 bank7        000
__Lbigbss                bigbss       000
__Lbigdata               bigdata      000
__Lbigram                bigram       000
__Lbigsfr                bigsfr       000
__Lbss                   bss          000
__LbssCOMRAM             bssCOMRAM    000
__Lcinit                 cinit        000
__Lclrtext               clrtext      000
__Lcomram                comram       000
__Lconfig                config       000
__Lconst                 const        000
__LcstackCOMRAM          cstackCOMRAM 000
__Ldata                  data         000
__Leeprom_data           eeprom_data  000
__Lfarbss                farbss       000
__Lfardata               fardata      000
__Lheap                  heap         000
__Libigdata              ibigdata     000
__Lidata                 idata        000
__Lidloc                 idloc        000
__Lifardata              ifardata     000
__Linit                  init         00E
__Lintcode               intcode      008
__Lintcode_body          intcode_body 000
__Lintcodelo             intcodelo    00E
__Lintentry              intentry     000
__Lintret                intret       000
__Lintsave_regs          intsave_regs 000
__Lirdata                irdata       000
__Lmediumconst           mediumconst  000
__LnvFARRAM              nvFARRAM     000
__Lnvbit                 nvbit        000
__Lnvrram                nvrram       000
__Lparam                 rparam       000
__Lpowerup               powerup      00E
__Lram                   ram          000
__Lramtop                ramtop       800
__Lrbit                  rbit         000
__Lrbss                  rbss         000
__Lrdata                 rdata        000
__Lreset_vec             reset_vec    000
__Lrparam                rparam       000
__Lsfr                   sfr          000
__Lsivt_hi               sivt_hi      000
__Lsivt_lo               sivt_lo      000
__Lsmallconst            smallconst   800
__Lspace_0               (abs)        000
__Lspace_1               (abs)        000
__Lspace_2               (abs)        000
__Lspace_4               (abs)        000
__Lstack                 stack        000
__Lstruct                struct       000
__Ltemp                  temp         00E
__Ltext                  text         000
__Ltext0                 text0        000
__Ltext1                 text1        000
__S0                     (abs)        95A
__S1                     (abs)        00F
__S4                     (abs)        000
__S5                     (abs)        000
___heap_hi               (abs)        000
___heap_lo               (abs)        000
___inthi_sp              stack        000
___inthi_stack_hi        stack        000
___inthi_stack_lo        stack        000
___intlo_sp              stack        000
___intlo_stack_hi        stack        000
___intlo_stack_lo        stack        000
___param_bank            (abs)        000
___rparam_used           (abs)        001
___sp                    stack        000
___stack_hi              stack        000
___stack_lo              stack        000
__accesstop              (abs)        060
__activetblptr           (abs)        000
__end_of_ISR             intcode_body 8D4
__end_of__initialization cinit        93E
__end_of_inicializar     text1        95A
__end_of_main            text0        932
__initialization         cinit        932
__mediumconst            mediumconst  000
__pbssCOMRAM             bssCOMRAM    001
__pcinit                 cinit        932
__pcstackCOMRAM          cstackCOMRAM 009
__pintcode               intcode      008
__pintcode_body          intcode_body 802
__psmallconst            smallconst   800
__ptext0                 text0        8D4
__ptext1                 text1        948
__ramtop                 ramtop       800
__smallconst             smallconst   800
_inicializar             text1        948
_main                    text0        8D4
btemp                    temp         00E
end_of_initialization    cinit        93E
int$flags                temp         00E
int_func                 intcode_body 802
intlevel0                text         000
intlevel1                text         000
intlevel2                text         000
intlevel3                text         000
isa$std                  (abs)        001
isa$xinst                (abs)        000
stackhi                  (abs)        000
stacklo                  (abs)        000
start                    init         00E
start_initialization     cinit        932
ttemp5                   temp         00F
ttemp6                   temp         012
ttemp7                   temp         016
wtemp8                   temp         00F


MODULE INFORMATION

Module		Function		Class		Link	Load	Size
shared
		__initialization		CODE           	0932	0000	12

shared estimated size: 12

main.c
		_ISR           		CODE           	0008	0000	216
		_main          		CODE           	08D4	0000	94
		_inicializar   		CODE           	0948	0000	18

main.c estimated size: 328

